The Meson build system
Version: 0.61.2
Source dir: /home/wb/Work/nGit/projects/solar_build_test/solar
Build dir: /home/wb/Work/nGit/projects/solar_build_test/solar/builddir
Build type: native build
Project name: solar
Project version: 9.0.1
Fortran compiler for the host machine: gfortran (gcc 11.4.0 "GNU Fortran (Ubuntu 11.4.0-1ubuntu1~22.04) 11.4.0")
Fortran linker for the host machine: gfortran ld.bfd 2.38
C compiler for the host machine: cc (gcc 11.4.0 "cc (Ubuntu 11.4.0-1ubuntu1~22.04) 11.4.0")
C linker for the host machine: cc ld.bfd 2.38
C++ compiler for the host machine: c++ (gcc 11.4.0 "c++ (Ubuntu 11.4.0-1ubuntu1~22.04) 11.4.0")
C++ linker for the host machine: c++ ld.bfd 2.38
Host machine cpu family: x86_64
Host machine cpu: x86_64

Executing subproject libplinkio 

libplinkio| Project name: libplinkio
libplinkio| Project version: undefined
libplinkio| C compiler for the host machine: cc (gcc 11.4.0 "cc (Ubuntu 11.4.0-1ubuntu1~22.04) 11.4.0")
libplinkio| C linker for the host machine: cc ld.bfd 2.38
libplinkio| Message: include directory found
libplinkio| Build targets in project: 1
libplinkio| Subproject libplinkio finished.

Build targets in project: 1

libplinkio undefined

    srcdir           : /home/wb/Work/nGit/projects/solar_build_test/solar/subprojects/libplinkio/src
    builddir         : /home/wb/Work/nGit/projects/solar_build_test/solar/builddir/subprojects/libplinkio/src
    c                : ./libcsv.c
                       ./file.c
                       ./bim.c
                       ./plinkio.c
                       ./bim_parse.c
                       ./bed_header.c
                       ./bed.c
                       ./fam.c
                       ./fam_parse.c
                       
    h                : 
    cpp              : 
    include_directory: ../include

solar 9.0.1

  Subprojects
    libplinkio: YES

Found ninja-1.10.1 at /usr/bin/ninja

ninja: Entering directory `/home/wb/Work/nGit/projects/solar_build_test/solar/builddir'
[1/10] Compiling C object subprojects/libplinkio/src/libplinkio.a.p/file.c.o
[2/10] Compiling C object subprojects/libplinkio/src/libplinkio.a.p/bim.c.o
[3/10] Compiling C object subprojects/libplinkio/src/libplinkio.a.p/bed_header.c.o
[4/10] Compiling C object subprojects/libplinkio/src/libplinkio.a.p/fam.c.o
[5/10] Compiling C object subprojects/libplinkio/src/libplinkio.a.p/bim_parse.c.o
[6/10] Compiling C object subprojects/libplinkio/src/libplinkio.a.p/plinkio.c.o
[7/10] Compiling C object subprojects/libplinkio/src/libplinkio.a.p/fam_parse.c.o
[8/10] Compiling C object subprojects/libplinkio/src/libplinkio.a.p/bed.c.o
../subprojects/libplinkio/src/bed.c: In function ‘bed_skip_row’:
../subprojects/libplinkio/src/bed.c:348:12: warning: unused variable ‘bytes_read’ [-Wunused-variable]
  348 |     size_t bytes_read;
      |            ^~~~~~~~~~
[9/10] Compiling C object subprojects/libplinkio/src/libplinkio.a.p/libcsv.c.o
../subprojects/libplinkio/src/libcsv.c: In function ‘csv_fini’:
../subprojects/libplinkio/src/libcsv.c:162:7: warning: variable ‘pstate’ set but not used [-Wunused-but-set-variable]
  162 |   int pstate = p->pstate;
      |       ^~~~~~
[10/10] Linking static target subprojects/libplinkio/src/libplinkio.a

