The Meson build system
Version: 0.61.2
Source dir: /home/wb/Work/nGit/projects/solar_build_test/solar
Build dir: /home/wb/Work/nGit/projects/solar_build_test/solar/builddir
Build type: native build
Project name: solar
Project version: 9.0.1
Fortran compiler for the host machine: gfortran (gcc 11.4.0 "GNU Fortran (Ubuntu 11.4.0-1ubuntu1~22.04) 11.4.0")
Fortran linker for the host machine: gfortran ld.bfd 2.38
C compiler for the host machine: cc (gcc 11.4.0 "cc (Ubuntu 11.4.0-1ubuntu1~22.04) 11.4.0")
C linker for the host machine: cc ld.bfd 2.38
C++ compiler for the host machine: c++ (gcc 11.4.0 "c++ (Ubuntu 11.4.0-1ubuntu1~22.04) 11.4.0")
C++ linker for the host machine: c++ ld.bfd 2.38
Host machine cpu family: x86_64
Host machine cpu: x86_64
Message: include directory found
Message: creating solarmain...
Build targets in project: 1

solar 9.0.1

    srcdir           : /home/wb/Work/nGit/projects/solar_build_test/solar/src/solarmain/src
    builddir         : /home/wb/Work/nGit/projects/solar_build_test/solar/builddir/src/solarmain/src
    c                : ./plotpipe.c
                       ./ccuserid.c
                       ./npdf.c
                       ./tclgr.c
                       ./testuidt.c
                       ./solarmain.c
                       ./mt.c
                       ./cplink_converter.c
                       ./eigstruc.c
                       ./pipeback.c
                       ./fdate.c
                       ./plinkio.c
                       ./nrutil.c
                       ./safelib.c
                       ./ncdf.c
                       ./mehd.c
                       ./w_mehd.c
                       ./getusername.c
                       
    cpp              : 
    h                : ./solar-trait-reader.h
                       ./nrutil.h
                       ./mvn.h
                       ./plotpipe.h
                       ./tablefile.h
                       ./expression.h
                       ./config.h
                       ./solar_mle_setup.h
                       ./token.h
                       ./solar.h
                       
    f                : ./dcovar.f
                       ./kin.f
                       ./gamlog.f
                       ./gaucdf.f
                       ./dasycov.f
                       ./spmpar.f
                       ./loop.f
                       ./phidens.f
                       ./chisq.f
                       ./fdist.f
                       ./preped.f
                       ./yesno.f
                       ./random.f
                       ./trigam.f
                       ./hpsort.f
                       ./dppfa.f
                       ./search.f
                       ./optima.f
                       ./fpedifromsnps.f
                       ./dcopyped.f
                       ./logo.f
                       ./scor.f
                       ./fun_mehd.f
                       ./direct.f
                       ./tdist.f
                       ./mvncdf.f
                       ./fun.f
                       ./digam.f
                       ./edftst.f
                       ./preopt.f
                       ./cdfchi.f
                       ./linpack.f
                       ./symeig.f
                       ./asycov.f
                       ./inital.f
                       ./clear.f
                       ./cdfnor.f
                       ./hessin.f
                       ./dfun.f
                       ./beta.f
                       ./evdout.f
                       ./calc.f
                       ./qdprog.f
                       ./upcase.f
                       ./pinput.f
                       ./ipmpar.f
                       ./covar.f
                       ./resid.f
                       ./settab.f
                       ./output.f
                       ./newlik.f
                       ./pedtst.f
                       ./astop.f
                       ./delta7.f
                       ./evdlik.f
                       ./sweep.f
                       ./ddfun.f
                       ./dmean.f
                       ./ppnd.f
                       ./copyped.f
                       ./fit2dp.f
                       ./writestr.f
                       ./smpoutput.f
                       ./mblank.f
                       ./fortfiles.f
                       ./alnorm.f
                       
    include_directory: ../include

Found ninja-1.10.1 at /usr/bin/ninja

ninja: Entering directory `/home/wb/Work/nGit/projects/solar_build_test/solar/builddir'
[1/86] Compiling C object src/solarmain/src/solar.p/eigstruc.c.o
FAILED: src/solarmain/src/solar.p/eigstruc.c.o 
cc -Isrc/solarmain/src/solar.p -Isrc/solarmain/src -I../src/solarmain/src -fdiagnostics-color=always -D_FILE_OFFSET_BITS=64 -Wall -Winvalid-pch -g -MD -MQ src/solarmain/src/solar.p/eigstruc.c.o -MF src/solarmain/src/solar.p/eigstruc.c.o.d -o src/solarmain/src/solar.p/eigstruc.c.o -c ../src/solarmain/src/eigstruc.c
../src/solarmain/src/eigstruc.c:1:10: fatal error: safelib.h: No such file or directory
    1 | #include "safelib.h"
      |          ^~~~~~~~~~~
compilation terminated.
[2/86] Compiling C object src/solarmain/src/solar.p/safelib.c.o
FAILED: src/solarmain/src/solar.p/safelib.c.o 
cc -Isrc/solarmain/src/solar.p -Isrc/solarmain/src -I../src/solarmain/src -fdiagnostics-color=always -D_FILE_OFFSET_BITS=64 -Wall -Winvalid-pch -g -MD -MQ src/solarmain/src/solar.p/safelib.c.o -MF src/solarmain/src/solar.p/safelib.c.o.d -o src/solarmain/src/solar.p/safelib.c.o -c ../src/solarmain/src/safelib.c
../src/solarmain/src/safelib.c:21:10: fatal error: safelib.h: No such file or directory
   21 | #include "safelib.h"
      |          ^~~~~~~~~~~
compilation terminated.
[3/86] Compiling C object src/solarmain/src/solar.p/tclgr.c.o
FAILED: src/solarmain/src/solar.p/tclgr.c.o 
cc -Isrc/solarmain/src/solar.p -Isrc/solarmain/src -I../src/solarmain/src -fdiagnostics-color=always -D_FILE_OFFSET_BITS=64 -Wall -Winvalid-pch -g -MD -MQ src/solarmain/src/solar.p/tclgr.c.o -MF src/solarmain/src/solar.p/tclgr.c.o.d -o src/solarmain/src/solar.p/tclgr.c.o -c ../src/solarmain/src/tclgr.c
../src/solarmain/src/tclgr.c:16:10: fatal error: tcl.h: No such file or directory
   16 | #include "tcl.h"
      |          ^~~~~~~
compilation terminated.
[4/86] Compiling C object src/solarmain/src/solar.p/cplink_converter.c.o
FAILED: src/solarmain/src/solar.p/cplink_converter.c.o 
cc -Isrc/solarmain/src/solar.p -Isrc/solarmain/src -I../src/solarmain/src -fdiagnostics-color=always -D_FILE_OFFSET_BITS=64 -Wall -Winvalid-pch -g -MD -MQ src/solarmain/src/solar.p/cplink_converter.c.o -MF src/solarmain/src/solar.p/cplink_converter.c.o.d -o src/solarmain/src/solar.p/cplink_converter.c.o -c ../src/solarmain/src/cplink_converter.c
../src/solarmain/src/cplink_converter.c:3:10: fatal error: plinkio.h: No such file or directory
    3 | #include "plinkio.h"
      |          ^~~~~~~~~~~
compilation terminated.
[5/86] Compiling C object src/solarmain/src/solar.p/plinkio.c.o
FAILED: src/solarmain/src/solar.p/plinkio.c.o 
cc -Isrc/solarmain/src/solar.p -Isrc/solarmain/src -I../src/solarmain/src -fdiagnostics-color=always -D_FILE_OFFSET_BITS=64 -Wall -Winvalid-pch -g -MD -MQ src/solarmain/src/solar.p/plinkio.c.o -MF src/solarmain/src/solar.p/plinkio.c.o.d -o src/solarmain/src/solar.p/plinkio.c.o -c ../src/solarmain/src/plinkio.c
../src/solarmain/src/plinkio.c:12:10: fatal error: plinkio/plinkio.h: No such file or directory
   12 | #include <plinkio/plinkio.h>
      |          ^~~~~~~~~~~~~~~~~~~
compilation terminated.
[6/86] Compiling C object src/solarmain/src/solar.p/pipeback.c.o
FAILED: src/solarmain/src/solar.p/pipeback.c.o 
cc -Isrc/solarmain/src/solar.p -Isrc/solarmain/src -I../src/solarmain/src -fdiagnostics-color=always -D_FILE_OFFSET_BITS=64 -Wall -Winvalid-pch -g -MD -MQ src/solarmain/src/solar.p/pipeback.c.o -MF src/solarmain/src/solar.p/pipeback.c.o.d -o src/solarmain/src/solar.p/pipeback.c.o -c ../src/solarmain/src/pipeback.c
../src/solarmain/src/pipeback.c:19:10: fatal error: safelib.h: No such file or directory
   19 | #include "safelib.h"
      |          ^~~~~~~~~~~
compilation terminated.
[7/86] Compiling C object src/solarmain/src/solar.p/ccuserid.c.o
[8/86] Compiling C object src/solarmain/src/solar.p/npdf.c.o
[9/86] Compiling C object src/solarmain/src/solar.p/ncdf.c.o
[10/86] Compiling C object src/solarmain/src/solar.p/mt.c.o
[11/86] Compiling C object src/solarmain/src/solar.p/testuidt.c.o
../src/solarmain/src/testuidt.c: In function ‘main’:
../src/solarmain/src/testuidt.c:8:22: warning: format ‘%d’ expects argument of type ‘int’, but argument 2 has type ‘long unsigned int’ [-Wformat=]
    8 |     printf ("uid_t: %d\n", sizeof(uid_t));
      |                     ~^     ~~~~~~~~~~~~~
      |                      |     |
      |                      int   long unsigned int
      |                     %ld
../src/solarmain/src/testuidt.c:9:23: warning: format ‘%d’ expects argument of type ‘int’, but argument 2 has type ‘long unsigned int’ [-Wformat=]
    9 |     printf ("passwd: %d\n", sizeof (struct passwd));
      |                      ~^     ~~~~~~~~~~~~~~~~~~~~~~
      |                       |     |
      |                       int   long unsigned int
      |                      %ld
../src/solarmain/src/testuidt.c:11:25: warning: cast from pointer to integer of different size [-Wpointer-to-int-cast]
   11 |     printf ("pw: %d\n", (int) pw);
      |                         ^
[12/86] Compiling C object src/solarmain/src/solar.p/fdate.c.o
[13/86] Compiling C object src/solarmain/src/solar.p/getusername.c.o
[14/86] Compiling C object src/solarmain/src/solar.p/solarmain.c.o
FAILED: src/solarmain/src/solar.p/solarmain.c.o 
cc -Isrc/solarmain/src/solar.p -Isrc/solarmain/src -I../src/solarmain/src -fdiagnostics-color=always -D_FILE_OFFSET_BITS=64 -Wall -Winvalid-pch -g -MD -MQ src/solarmain/src/solar.p/solarmain.c.o -MF src/solarmain/src/solar.p/solarmain.c.o.d -o src/solarmain/src/solar.p/solarmain.c.o -c ../src/solarmain/src/solarmain.c
../src/solarmain/src/solarmain.c:20:10: fatal error: tcl.h: No such file or directory
   20 | #include "tcl.h"
      |          ^~~~~~~
compilation terminated.
[15/86] Compiling C object src/solarmain/src/solar.p/w_mehd.c.o
In file included from ../src/solarmain/src/w_mehd.c:3:
../src/solarmain/src/nrutil.h:27:21: warning: ‘iminarg2’ defined but not used [-Wunused-variable]
   27 | static int iminarg1,iminarg2;
      |                     ^~~~~~~~
../src/solarmain/src/nrutil.h:27:12: warning: ‘iminarg1’ defined but not used [-Wunused-variable]
   27 | static int iminarg1,iminarg2;
      |            ^~~~~~~~
../src/solarmain/src/nrutil.h:23:21: warning: ‘imaxarg2’ defined but not used [-Wunused-variable]
   23 | static int imaxarg1,imaxarg2;
      |                     ^~~~~~~~
../src/solarmain/src/nrutil.h:23:12: warning: ‘imaxarg1’ defined but not used [-Wunused-variable]
   23 | static int imaxarg1,imaxarg2;
      |            ^~~~~~~~
../src/solarmain/src/nrutil.h:19:22: warning: ‘lminarg2’ defined but not used [-Wunused-variable]
   19 | static long lminarg1,lminarg2;
      |                      ^~~~~~~~
../src/solarmain/src/nrutil.h:19:13: warning: ‘lminarg1’ defined but not used [-Wunused-variable]
   19 | static long lminarg1,lminarg2;
      |             ^~~~~~~~
../src/solarmain/src/nrutil.h:15:22: warning: ‘lmaxarg2’ defined but not used [-Wunused-variable]
   15 | static long lmaxarg1,lmaxarg2;
      |                      ^~~~~~~~
../src/solarmain/src/nrutil.h:15:13: warning: ‘lmaxarg1’ defined but not used [-Wunused-variable]
   15 | static long lmaxarg1,lmaxarg2;
      |             ^~~~~~~~
../src/solarmain/src/nrutil.h:11:22: warning: ‘minarg2’ defined but not used [-Wunused-variable]
   11 | static float minarg1,minarg2;
      |                      ^~~~~~~
../src/solarmain/src/nrutil.h:11:14: warning: ‘minarg1’ defined but not used [-Wunused-variable]
   11 | static float minarg1,minarg2;
      |              ^~~~~~~
../src/solarmain/src/nrutil.h:7:22: warning: ‘maxarg2’ defined but not used [-Wunused-variable]
    7 | static float maxarg1,maxarg2;
      |                      ^~~~~~~
../src/solarmain/src/nrutil.h:7:14: warning: ‘maxarg1’ defined but not used [-Wunused-variable]
    7 | static float maxarg1,maxarg2;
      |              ^~~~~~~
../src/solarmain/src/nrutil.h:4:14: warning: ‘sqrarg’ defined but not used [-Wunused-variable]
    4 | static float sqrarg;
      |              ^~~~~~
[16/86] Compiling C object src/solarmain/src/solar.p/plotpipe.c.o
../src/solarmain/src/plotpipe.c: In function ‘ACEgrClose’:
../src/solarmain/src/plotpipe.c:240:9: warning: unused variable ‘status’ [-Wunused-variable]
  240 |     int status = 0;
      |         ^~~~~~
At top level:
../src/solarmain/src/plotpipe.c:83:1: warning: ‘handler2’ defined but not used [-Wunused-function]
   83 | handler2 (const int signum)
      | ^~~~~~~~
[17/86] Compiling C object src/solarmain/src/solar.p/mehd.c.o
In file included from ../src/solarmain/src/mehd.c:4:
../src/solarmain/src/nrutil.h:27:21: warning: ‘iminarg2’ defined but not used [-Wunused-variable]
   27 | static int iminarg1,iminarg2;
      |                     ^~~~~~~~
../src/solarmain/src/nrutil.h:27:12: warning: ‘iminarg1’ defined but not used [-Wunused-variable]
   27 | static int iminarg1,iminarg2;
      |            ^~~~~~~~
../src/solarmain/src/nrutil.h:23:21: warning: ‘imaxarg2’ defined but not used [-Wunused-variable]
   23 | static int imaxarg1,imaxarg2;
      |                     ^~~~~~~~
../src/solarmain/src/nrutil.h:23:12: warning: ‘imaxarg1’ defined but not used [-Wunused-variable]
   23 | static int imaxarg1,imaxarg2;
      |            ^~~~~~~~
../src/solarmain/src/nrutil.h:19:22: warning: ‘lminarg2’ defined but not used [-Wunused-variable]
   19 | static long lminarg1,lminarg2;
      |                      ^~~~~~~~
../src/solarmain/src/nrutil.h:19:13: warning: ‘lminarg1’ defined but not used [-Wunused-variable]
   19 | static long lminarg1,lminarg2;
      |             ^~~~~~~~
../src/solarmain/src/nrutil.h:15:22: warning: ‘lmaxarg2’ defined but not used [-Wunused-variable]
   15 | static long lmaxarg1,lmaxarg2;
      |                      ^~~~~~~~
../src/solarmain/src/nrutil.h:15:13: warning: ‘lmaxarg1’ defined but not used [-Wunused-variable]
   15 | static long lmaxarg1,lmaxarg2;
      |             ^~~~~~~~
../src/solarmain/src/nrutil.h:11:22: warning: ‘minarg2’ defined but not used [-Wunused-variable]
   11 | static float minarg1,minarg2;
      |                      ^~~~~~~
../src/solarmain/src/nrutil.h:11:14: warning: ‘minarg1’ defined but not used [-Wunused-variable]
   11 | static float minarg1,minarg2;
      |              ^~~~~~~
../src/solarmain/src/nrutil.h:7:22: warning: ‘maxarg2’ defined but not used [-Wunused-variable]
    7 | static float maxarg1,maxarg2;
      |                      ^~~~~~~
../src/solarmain/src/nrutil.h:7:14: warning: ‘maxarg1’ defined but not used [-Wunused-variable]
    7 | static float maxarg1,maxarg2;
      |              ^~~~~~~
../src/solarmain/src/nrutil.h:4:14: warning: ‘sqrarg’ defined but not used [-Wunused-variable]
    4 | static float sqrarg;
      |              ^~~~~~
[18/86] Compiling C object src/solarmain/src/solar.p/nrutil.c.o
[19/86] Module scanner.
ninja: build stopped: subcommand failed.
error: Recipe `build` failed on line 39 with exit code 1
